error[E0541]: unknown meta item 'reason'
  --> $DIR/stability-attribute-sanity.rs:8:42
   |
LL |     #[stable(feature = "a", since = "b", reason)]
   |                                          ^^^^^^ expected one of `since`, `note`

error[E0539]: incorrect meta item
  --> $DIR/stability-attribute-sanity.rs:11:29
   |
LL |     #[stable(feature = "a", since)]
   |                             ^^^^^

error[E0539]: incorrect meta item
  --> $DIR/stability-attribute-sanity.rs:14:14
   |
LL |     #[stable(feature, since = "a")]
   |              ^^^^^^^

error[E0539]: incorrect meta item
  --> $DIR/stability-attribute-sanity.rs:17:29
   |
LL |     #[stable(feature = "a", since(b))]
   |                             ^^^^^^^^

error[E0539]: incorrect meta item
  --> $DIR/stability-attribute-sanity.rs:20:14
   |
LL |     #[stable(feature(b), since = "a")]
   |              ^^^^^^^^^^

error[E0546]: missing 'feature'
  --> $DIR/stability-attribute-sanity.rs:25:5
   |
LL |     #[unstable(issue = "0")]
   |     ^^^^^^^^^^^^^^^^^^^^^^^^

error[E0546]: missing 'feature'
  --> $DIR/stability-attribute-sanity.rs:28:5
   |
LL |     #[stable(since = "a")]
   |     ^^^^^^^^^^^^^^^^^^^^^^

error[E0542]: missing 'since'
  --> $DIR/stability-attribute-sanity.rs:33:5
   |
LL |     #[stable(feature = "a")]
   |     ^^^^^^^^^^^^^^^^^^^^^^^^

error[E0542]: missing 'since'
  --> $DIR/stability-attribute-sanity.rs:37:5
   |
LL |     #[rustc_deprecated(reason = "a")]
   |     ^^^^^^^^^^^^^^^^^^^^^^^^^^^^^^^^^

error[E0544]: multiple stability levels
  --> $DIR/stability-attribute-sanity.rs:42:1
   |
LL | #[stable(feature = "a", since = "b")]
   | ^^^^^^^^^^^^^^^^^^^^^^^^^^^^^^^^^^^^^

error[E0544]: multiple stability levels
  --> $DIR/stability-attribute-sanity.rs:46:1
   |
LL | #[unstable(feature = "b", issue = "0")]
   | ^^^^^^^^^^^^^^^^^^^^^^^^^^^^^^^^^^^^^^^

error[E0544]: multiple stability levels
  --> $DIR/stability-attribute-sanity.rs:50:1
   |
LL | #[stable(feature = "a", since = "b")]
   | ^^^^^^^^^^^^^^^^^^^^^^^^^^^^^^^^^^^^^

error[E0540]: multiple rustc_deprecated attributes
  --> $DIR/stability-attribute-sanity.rs:58:1
   |
LL | pub const fn multiple4() { }
   | ^^^^^^^^^^^^^^^^^^^^^^^^^^^^

error[E0553]: multiple rustc_const_unstable attributes
  --> $DIR/stability-attribute-sanity.rs:58:1
   |
LL | pub const fn multiple4() { }
   | ^^^^^^^^^^^^^^^^^^^^^^^^^^^^

error: Invalid stability or deprecation version found
  --> $DIR/stability-attribute-sanity.rs:58:1
   |
LL | pub const fn multiple4() { }
   | ^^^^^^^^^^^^^^^^^^^^^^^^^^^^

error[E0549]: rustc_deprecated attribute must be paired with either stable or unstable attribute
  --> $DIR/stability-attribute-sanity.rs:63:1
   |
LL | fn deprecated_without_unstable_or_stable() { }
   | ^^^^^^^^^^^^^^^^^^^^^^^^^^^^^^^^^^^^^^^^^^^^^^

error: aborting due to 16 previous errors

For more information about this error, try `rustc --explain E0541`.
